<html>
<body>
<pre>
<h1>µVision Build Log</h1>
<h2>Tool Versions:</h2>
IDE-Version: µVision V5.34.0.0
Copyright (C) 2021 ARM Ltd and ARM Germany GmbH. All rights reserved.
License Information: sebastien Crout, Home, LIC=D0D7S-LFFA1-PCMJ8-3JK26-9AMNS-T6DYE
 
Tool Versions:
Toolchain:       MDK-ARM Plus  Version: 5.34.0.0
Toolchain Path:  C:\Keil_v5\ARM\ARMCC\Bin
C Compiler:      Armcc.exe V5.06 update 7 (build 960)
Assembler:       Armasm.exe V5.06 update 7 (build 960)
Linker/Locator:  ArmLink.exe V5.06 update 7 (build 960)
Library Manager: ArmAr.exe V5.06 update 7 (build 960)
Hex Converter:   FromElf.exe V5.06 update 7 (build 960)
CPU DLL:         SARMCM3.DLL V5.34.0.0
Dialog DLL:      DCM.DLL V1.17.3.0
Target DLL:      STLink\ST-LINKIII-KEIL_SWO.dll V3.0.8.0
Dialog DLL:      TCM.DLL V1.48.0.0
 
<h2>Project:</h2>
D:\Oscilloscope\Project\Oscilloscope\Firmware\MDK-ARM\Firmware.uvprojx
Project File Date:  05/03/2021

<h2>Output:</h2>
*** Using Compiler 'V5.06 update 7 (build 960)', folder: 'C:\Keil_v5\ARM\ARMCC\Bin'
*** Warning: You are compiling one or more files of source type C++ and have selected 'use MicroLIB'. MicroLIB does not support C++!
  
Rebuild target 'Firmware'
compiling CustomListElement.cpp...
compiling system_stm32f7xx.c...
compiling Graph.cpp...
..\..\Graphic\gui\src\common\Graph.cpp(75): warning:  #550-D: variable "maxdistance"  was set but never used
  	uint16_t direction, maxdistance;
..\..\Graphic\gui\src\common\Graph.cpp(204): warning:  #1-D: last line of file ends without a newline
  }
..\..\Graphic\gui\src\common\Graph.cpp: 2 warnings, 0 errors
compiling ChannelControlPanel.cpp...
..\..\Graphic\gui\include\gui\common\ChannelControlPanel.hpp(283): warning:  #1-D: last line of file ends without a newline
  #endif
..\..\Graphic\gui\src\common\ChannelControlPanel.cpp(825): warning:  #1-D: last line of file ends without a newline
  }
..\..\Graphic\gui\src\common\ChannelControlPanel.cpp: 2 warnings, 0 errors
compiling FrontendApplication.cpp...
..\..\Graphic\gui\include\gui\common\Marker.hpp(80): warning:  #1-D: last line of file ends without a newline
  #endif
..\..\Graphic\gui\include\gui\common\ChannelControlPanel.hpp(283): warning:  #1-D: last line of file ends without a newline
  #endif
..\..\Graphic\gui\include\gui\common\TriggerLine.hpp(88): warning:  #1-D: last line of file ends without a newline
  #endif
..\..\Graphic\gui\src\common\FrontendApplication.cpp: 3 warnings, 0 errors
compiling Marker.cpp...
..\..\Graphic\gui\include\gui/common/Marker.hpp(80): warning:  #1-D: last line of file ends without a newline
  #endif
..\..\Graphic\gui\src\common\Marker.cpp: 1 warning, 0 errors
compiling TriggerLine.cpp...
..\..\Graphic\gui\include\gui/common/TriggerLine.hpp(88): warning:  #1-D: last line of file ends without a newline
  #endif
..\..\Graphic\gui\src\common\TriggerLine.cpp: 1 warning, 0 errors
compiling Model.cpp...
compiling ApplicationFontProvider.cpp...
compiling MainPresenter.cpp...
..\..\Graphic\gui\include\gui\common\Marker.hpp(80): warning:  #1-D: last line of file ends without a newline
  #endif
..\..\Graphic\gui\include\gui\common\ChannelControlPanel.hpp(283): warning:  #1-D: last line of file ends without a newline
  #endif
..\..\Graphic\gui\include\gui\common\TriggerLine.hpp(88): warning:  #1-D: last line of file ends without a newline
  #endif
..\..\Graphic\gui\src\main_screen\MainPresenter.cpp: 3 warnings, 0 errors
compiling Font_Asap_Regular_13_4bpp.cpp...
compiling Font_Asap_Regular_12_4bpp.cpp...
compiling MainView.cpp...
..\..\Graphic\gui\include\gui\common\Marker.hpp(80): warning:  #1-D: last line of file ends without a newline
  #endif
..\..\Graphic\gui\include\gui\common\ChannelControlPanel.hpp(283): warning:  #1-D: last line of file ends without a newline
  #endif
..\..\Graphic\gui\include\gui\common\TriggerLine.hpp(88): warning:  #1-D: last line of file ends without a newline
  #endif
..\..\Graphic\gui\src\main_screen\MainView.cpp(665): warning:  #1-D: last line of file ends without a newline
  }
..\..\Graphic\gui\src\main_screen\MainView.cpp(664): warning:  #177-D: variable "temp"  was declared but never referenced
  	uint8_t temp = 0;
..\..\Graphic\gui\src\main_screen\MainView.cpp: 5 warnings, 0 errors
compiling Font_Asap_Regular_14_8bpp.cpp...
compiling Font_Asap_Regular_18_4bpp.cpp...
compiling FontGetters.cpp...
compiling Kerning_Asap_Regular_12_4bpp.cpp...
compiling Kerning_Asap_Regular_13_4bpp.cpp...
compiling Kerning_Asap_Regular_14_8bpp.cpp...
compiling Kerning_Asap_Regular_18_4bpp.cpp...
compiling Table_Asap_Regular_12_4bpp.cpp...
compiling Table_Asap_Regular_13_4bpp.cpp...
compiling Table_Asap_Regular_14_8bpp.cpp...
compiling Table_Asap_Regular_18_4bpp.cpp...
compiling BitmapDatabase.cpp...
compiling channelInfo.cpp...
compiling counterbox.cpp...
compiling controlPanel.cpp...
compiling leftButtonPress.cpp...
compiling appBackground.cpp...
compiling leftButtonUnpress.cpp...
compiling rightButtonPress.cpp...
compiling rightButtonUnpress.cpp...
compiling sideslidebutton.cpp...
compiling slideMenu.cpp...
compiling ozibackground.cpp...
compiling text_background.cpp...
compiling LanguageGb.cpp...
compiling Texts.cpp...
compiling TypedTextDatabase.cpp...
compiling ChnControlButtonOff.cpp...
compiling ChnControlButtonOn.cpp...
compiling buttonDownOn.cpp...
compiling buttonDownOff.cpp...
compiling buttonUpOff.cpp...
compiling buttonUpOn.cpp...
compiling VChnControlButtonOn.cpp...
compiling VChnControlButtonOff.cpp...
compiling Arrow.cpp...
compiling channelInfo_ch2.cpp...
compiling button_background.cpp...
compiling sideslidebutton_press.cpp...
compiling EdgeDown.cpp...
compiling direction_background.cpp...
compiling EdgeUp.cpp...
compiling STM32F7Instrumentation.cpp...
compiling GPIO.cpp...
compiling STM32F7HAL.cpp...
compiling BoardConfiguration.cpp...
..\..\Graphic\gui\include\gui\common\Marker.hpp(80): warning:  #1-D: last line of file ends without a newline
  #endif
..\..\Graphic\gui\include\gui\common\ChannelControlPanel.hpp(283): warning:  #1-D: last line of file ends without a newline
  #endif
..\..\Graphic\gui\include\gui\common\TriggerLine.hpp(88): warning:  #1-D: last line of file ends without a newline
  #endif
..\..\..\..\touchgfx\board\ST\STM32F746G-DISCO\source\BoardConfiguration.cpp: 3 warnings, 0 errors
compiling OSWrappers.cpp...
compiling croutine.c...
compiling event_groups.c...
compiling STM32F7DMA.cpp...
compiling list.c...
compiling queue.c...
compiling timers.c...
compiling tasks.c...
compiling heap_2.c...
compiling port.c...
..\..\..\..\touchgfx\os\FreeRTOS8.2.0\Source\portable\RVDS\ST_CM7\port.c(386): warning:  #1215-D: #warning directive: Must read VFP type.
  #warning Must read VFP type.
..\..\..\..\touchgfx\os\FreeRTOS8.2.0\Source\portable\RVDS\ST_CM7\port.c: 1 warning, 0 errors
compiling STM32F746GTouchController.cpp...
compiling stm32746g_discovery.c...
compiling stm32746g_discovery_lcd.c...
..\..\..\..\touchgfx\board\ST\STM32F746G-DISCO\source\vendor\STM32746G-Discovery\stm32746g_discovery_lcd.c(912): warning:  #550-D: variable "k"  was set but never used
    float k = 0, rad1 = 0, rad2 = 0;
..\..\..\..\touchgfx\board\ST\STM32F746G-DISCO\source\vendor\STM32746G-Discovery\stm32746g_discovery_lcd.c: 1 warning, 0 errors
compiling stm32746g_discovery_sd.c...
compiling ft5336.c...
compiling stm32746g_discovery_sdram.c...
compiling stm32746g_discovery_ts.c...
compiling stm32746g_discovery_qspi.c...
compiling stm32f7xx_hal_msp.c...
compiling stm32f7xx_it.c...
compiling main.cpp...
main.cpp(802): warning:  #1-D: last line of file ends without a newline
  #endif
main.cpp(422): warning:  #177-D: function "MX_USART2_UART_Init"  was declared but never referenced
  static void MX_USART2_UART_Init(void)
main.cpp: 2 warnings, 0 errors
compiling stm32f7xx_hal_rcc_ex.c...
compiling stm32f7xx_hal_pwr.c...
compiling stm32f7xx_hal_i2c.c...
compiling stm32f7xx_hal_cortex.c...
compiling stm32f7xx_hal_dma.c...
compiling stm32f7xx_hal_rcc.c...
compiling stm32f7xx_hal.c...
compiling stm32f7xx_hal_flash_ex.c...
compiling stm32f7xx_hal_flash.c...
compiling stm32f7xx_hal_i2c_ex.c...
compiling stm32f7xx_hal_pwr_ex.c...
compiling stm32f7xx_hal_tim.c...
compiling stm32f7xx_hal_tim_ex.c...
compiling stm32f7xx_hal_dma_ex.c...
compiling stm32f7xx_hal_gpio.c...
compiling stm32f7xx_hal_ltdc.c...
compiling stm32f7xx_hal_dma2d.c...
compiling stm32f7xx_hal_adc.c...
compiling stm32f7xx_hal_sdram.c...
compiling stm32f7xx_hal_qspi.c...
compiling stm32f7xx_hal_spi.c...
compiling stm32f7xx_ll_sdmmc.c...
compiling stm32f7xx_ll_fmc.c...
compiling stm32f7xx_hal_uart.c...
assembling startup_stm32f746xx.s...
compiling stm32f7xx_hal_adc_ex.c...
compiling stm32f7xx_hal_sd.c...
linking...
Program Size: Code=79224 RO-data=951516 RW-data=468 ZI-data=180668  
FromELF: creating hex file...
"Firmware\Firmware.axf" - 0 Error(s), 24 Warning(s).

<h2>Software Packages used:</h2>

Package Vendor: ARM
                http://www.keil.com/pack/ARM.CMSIS.5.7.0.pack
                ARM.CMSIS.5.7.0
                CMSIS (Cortex Microcontroller Software Interface Standard)
   * Component: CORE Version: 5.4.0

Package Vendor: Keil
                http://www.keil.com/pack/Keil.STM32F7xx_DFP.2.14.0.pack
                Keil.STM32F7xx_DFP.2.14.0
                STMicroelectronics STM32F7 Series Device Support, Drivers and Examples

<h2>Collection of Component include folders:</h2>
  .\RTE\_Firmware
  C:\Users\Maher MASTOURI\AppData\Local\Arm\Packs\ARM\CMSIS\5.7.0\CMSIS\Core\Include
  C:\Users\Maher MASTOURI\AppData\Local\Arm\Packs\Keil\STM32F7xx_DFP\2.14.0\Drivers\CMSIS\Device\ST\STM32F7xx\Include

<h2>Collection of Component Files used:</h2>

   * Component: ARM::CMSIS:CORE:5.4.0
Build Time Elapsed:  00:01:11
</pre>
</body>
</html>
